// Jest Snapshot v1, https://goo.gl/fbAQLP

exports[`Component: <Display /> should mount without exploding as <CoolDownDisplay />  1`] = `
<Display
  activity="coding"
  baseCool="0:03:00"
  baseTime="0:12:00"
  condition={2}
  currCool="0:03:00"
  currTime="0:12:00"
>
  <FlexContainer>
    <div
      className="jsx-797669933 "
    >
      <SubTitle
        text="Your activity is: coding"
      >
        <h2>
          Your activity is: coding
        </h2>
      </SubTitle>
      <CoolDownDisplay
        base="0:03:00"
        current="0:03:00"
      >
        <Fragment>
          <SubTitle
            text="Your selected cooldown: 0:03:00"
          >
            <h2>
              Your selected cooldown: 0:03:00
            </h2>
          </SubTitle>
          <SubTitle
            text="Current Cooldown: 0:03:00"
          >
            <h2>
              Current Cooldown: 0:03:00
            </h2>
          </SubTitle>
        </Fragment>
      </CoolDownDisplay>
      <JSXStyle
        css="div.jsx-797669933{display:-webkit-box;display:-webkit-flex;display:-ms-flexbox;display:flex;-webkit-flex-direction:column;-ms-flex-direction:column;flex-direction:column;}.buttons.jsx-797669933{-webkit-flex-direction:row;-ms-flex-direction:row;flex-direction:row;width:80%;}.frame.jsx-797669933,.timer.jsx-797669933{-webkit-align-items:center;-webkit-box-align:center;-ms-flex-align:center;align-items:center;background-color:#3A2A41;border-radius:25%;box-shadow:4px 4px 4px #A974C2;-webkit-flex:auto;-ms-flex:auto;flex:auto;-webkit-box-pack:center;-webkit-justify-content:center;-ms-flex-pack:center;justify-content:center;padding:2em;}.layout.jsx-797669933{margin:auto;max-width:50em;min-height:100vh;}.main.jsx-797669933{background-color:#734D84;height:65vh;padding:2em 3em;}.wizard.jsx-797669933{-webkit-flex:auto;-ms-flex:auto;flex:auto;}"
        styleId="797669933"
      />
    </div>
  </FlexContainer>
</Display>
`;

exports[`Component: <Display /> should mount without exploding as <TimerDisplay />  1`] = `
<Display
  activity="coding"
  baseCool="0:03:00"
  baseTime="0:12:00"
  condition={null}
  currCool="0:03:00"
  currTime="0:12:00"
>
  <FlexContainer>
    <div
      className="jsx-797669933 "
    >
      <SubTitle
        text="Your activity is: coding"
      >
        <h2>
          Your activity is: coding
        </h2>
      </SubTitle>
      <TimerDisplay
        base="0:12:00"
        current="0:12:00"
      >
        <Fragment>
          <SubTitle
            text="Your selected time: 0:12:00"
          >
            <h2>
              Your selected time: 0:12:00
            </h2>
          </SubTitle>
          <SubTitle
            text="Current Time: 0:12:00"
          >
            <h2>
              Current Time: 0:12:00
            </h2>
          </SubTitle>
        </Fragment>
      </TimerDisplay>
      <JSXStyle
        css="div.jsx-797669933{display:-webkit-box;display:-webkit-flex;display:-ms-flexbox;display:flex;-webkit-flex-direction:column;-ms-flex-direction:column;flex-direction:column;}.buttons.jsx-797669933{-webkit-flex-direction:row;-ms-flex-direction:row;flex-direction:row;width:80%;}.frame.jsx-797669933,.timer.jsx-797669933{-webkit-align-items:center;-webkit-box-align:center;-ms-flex-align:center;align-items:center;background-color:#3A2A41;border-radius:25%;box-shadow:4px 4px 4px #A974C2;-webkit-flex:auto;-ms-flex:auto;flex:auto;-webkit-box-pack:center;-webkit-justify-content:center;-ms-flex-pack:center;justify-content:center;padding:2em;}.layout.jsx-797669933{margin:auto;max-width:50em;min-height:100vh;}.main.jsx-797669933{background-color:#734D84;height:65vh;padding:2em 3em;}.wizard.jsx-797669933{-webkit-flex:auto;-ms-flex:auto;flex:auto;}"
        styleId="797669933"
      />
    </div>
  </FlexContainer>
</Display>
`;
