// Jest Snapshot v1, https://goo.gl/fbAQLP

exports[`Component: <FlexContainer /> Snapshots should mount without exploding using ".buttons" styles 1`] = `
<Test
  className="buttons"
>
  <FlexContainer
    className="buttons"
  >
    <div
      className="jsx-1664832883 buttons"
    >
      <div>
        1
      </div>
      <div>
        2
      </div>
      <div>
        3
      </div>
      <JSXStyle
        css="div.jsx-1664832883{display:-webkit-box;display:-webkit-flex;display:-ms-flexbox;display:flex;-webkit-flex-direction:column;-ms-flex-direction:column;flex-direction:column;}.layout.jsx-1664832883{margin:auto;max-width:800px;min-height:100vh;}.main.jsx-1664832883{background-color:#734D84;height:65vh;padding:0.5em;}.wizard.jsx-1664832883{-webkit-flex:auto;-ms-flex:auto;flex:auto;}.completed.jsx-1664832883,.frame.jsx-1664832883,.timer.jsx-1664832883{-webkit-align-items:center;-webkit-box-align:center;-ms-flex-align:center;align-items:center;background-color:#3A2A41;box-shadow:4px 4px 4px #A974C2;-webkit-flex:auto;-ms-flex:auto;flex:auto;-webkit-box-pack:center;-webkit-justify-content:center;-ms-flex-pack:center;justify-content:center;padding:0 0.5em;text-align:center;}@media (orientation:landscape){.main.jsx-1664832883{height:80vh;padding:1em;}}@media (min-width:768px){.main.jsx-1664832883{padding:2em 3em;}}"
        styleId="1664832883"
      />
    </div>
  </FlexContainer>
</Test>
`;

exports[`Component: <FlexContainer /> Snapshots should mount without exploding using ".completed" styles 1`] = `
<Test
  className="completed"
>
  <FlexContainer
    className="completed"
  >
    <div
      className="jsx-1664832883 completed"
    >
      <div>
        1
      </div>
      <div>
        2
      </div>
      <div>
        3
      </div>
      <JSXStyle
        css="div.jsx-1664832883{display:-webkit-box;display:-webkit-flex;display:-ms-flexbox;display:flex;-webkit-flex-direction:column;-ms-flex-direction:column;flex-direction:column;}.layout.jsx-1664832883{margin:auto;max-width:800px;min-height:100vh;}.main.jsx-1664832883{background-color:#734D84;height:65vh;padding:0.5em;}.wizard.jsx-1664832883{-webkit-flex:auto;-ms-flex:auto;flex:auto;}.completed.jsx-1664832883,.frame.jsx-1664832883,.timer.jsx-1664832883{-webkit-align-items:center;-webkit-box-align:center;-ms-flex-align:center;align-items:center;background-color:#3A2A41;box-shadow:4px 4px 4px #A974C2;-webkit-flex:auto;-ms-flex:auto;flex:auto;-webkit-box-pack:center;-webkit-justify-content:center;-ms-flex-pack:center;justify-content:center;padding:0 0.5em;text-align:center;}@media (orientation:landscape){.main.jsx-1664832883{height:80vh;padding:1em;}}@media (min-width:768px){.main.jsx-1664832883{padding:2em 3em;}}"
        styleId="1664832883"
      />
    </div>
  </FlexContainer>
</Test>
`;

exports[`Component: <FlexContainer /> Snapshots should mount without exploding using ".frame" styles 1`] = `
<Test
  className="frame"
>
  <FlexContainer
    className="frame"
  >
    <div
      className="jsx-1664832883 frame"
    >
      <div>
        1
      </div>
      <div>
        2
      </div>
      <div>
        3
      </div>
      <JSXStyle
        css="div.jsx-1664832883{display:-webkit-box;display:-webkit-flex;display:-ms-flexbox;display:flex;-webkit-flex-direction:column;-ms-flex-direction:column;flex-direction:column;}.layout.jsx-1664832883{margin:auto;max-width:800px;min-height:100vh;}.main.jsx-1664832883{background-color:#734D84;height:65vh;padding:0.5em;}.wizard.jsx-1664832883{-webkit-flex:auto;-ms-flex:auto;flex:auto;}.completed.jsx-1664832883,.frame.jsx-1664832883,.timer.jsx-1664832883{-webkit-align-items:center;-webkit-box-align:center;-ms-flex-align:center;align-items:center;background-color:#3A2A41;box-shadow:4px 4px 4px #A974C2;-webkit-flex:auto;-ms-flex:auto;flex:auto;-webkit-box-pack:center;-webkit-justify-content:center;-ms-flex-pack:center;justify-content:center;padding:0 0.5em;text-align:center;}@media (orientation:landscape){.main.jsx-1664832883{height:80vh;padding:1em;}}@media (min-width:768px){.main.jsx-1664832883{padding:2em 3em;}}"
        styleId="1664832883"
      />
    </div>
  </FlexContainer>
</Test>
`;

exports[`Component: <FlexContainer /> Snapshots should mount without exploding using ".layout" styles 1`] = `
<Test
  className="layout"
>
  <FlexContainer
    className="layout"
  >
    <div
      className="jsx-1664832883 layout"
    >
      <div>
        1
      </div>
      <div>
        2
      </div>
      <div>
        3
      </div>
      <JSXStyle
        css="div.jsx-1664832883{display:-webkit-box;display:-webkit-flex;display:-ms-flexbox;display:flex;-webkit-flex-direction:column;-ms-flex-direction:column;flex-direction:column;}.layout.jsx-1664832883{margin:auto;max-width:800px;min-height:100vh;}.main.jsx-1664832883{background-color:#734D84;height:65vh;padding:0.5em;}.wizard.jsx-1664832883{-webkit-flex:auto;-ms-flex:auto;flex:auto;}.completed.jsx-1664832883,.frame.jsx-1664832883,.timer.jsx-1664832883{-webkit-align-items:center;-webkit-box-align:center;-ms-flex-align:center;align-items:center;background-color:#3A2A41;box-shadow:4px 4px 4px #A974C2;-webkit-flex:auto;-ms-flex:auto;flex:auto;-webkit-box-pack:center;-webkit-justify-content:center;-ms-flex-pack:center;justify-content:center;padding:0 0.5em;text-align:center;}@media (orientation:landscape){.main.jsx-1664832883{height:80vh;padding:1em;}}@media (min-width:768px){.main.jsx-1664832883{padding:2em 3em;}}"
        styleId="1664832883"
      />
    </div>
  </FlexContainer>
</Test>
`;

exports[`Component: <FlexContainer /> Snapshots should mount without exploding using ".main" styles 1`] = `
<Test
  className="main"
>
  <FlexContainer
    className="main"
  >
    <div
      className="jsx-1664832883 main"
    >
      <div>
        1
      </div>
      <div>
        2
      </div>
      <div>
        3
      </div>
      <JSXStyle
        css="div.jsx-1664832883{display:-webkit-box;display:-webkit-flex;display:-ms-flexbox;display:flex;-webkit-flex-direction:column;-ms-flex-direction:column;flex-direction:column;}.layout.jsx-1664832883{margin:auto;max-width:800px;min-height:100vh;}.main.jsx-1664832883{background-color:#734D84;height:65vh;padding:0.5em;}.wizard.jsx-1664832883{-webkit-flex:auto;-ms-flex:auto;flex:auto;}.completed.jsx-1664832883,.frame.jsx-1664832883,.timer.jsx-1664832883{-webkit-align-items:center;-webkit-box-align:center;-ms-flex-align:center;align-items:center;background-color:#3A2A41;box-shadow:4px 4px 4px #A974C2;-webkit-flex:auto;-ms-flex:auto;flex:auto;-webkit-box-pack:center;-webkit-justify-content:center;-ms-flex-pack:center;justify-content:center;padding:0 0.5em;text-align:center;}@media (orientation:landscape){.main.jsx-1664832883{height:80vh;padding:1em;}}@media (min-width:768px){.main.jsx-1664832883{padding:2em 3em;}}"
        styleId="1664832883"
      />
    </div>
  </FlexContainer>
</Test>
`;

exports[`Component: <FlexContainer /> Snapshots should mount without exploding using ".timer" styles 1`] = `
<Test
  className="timer"
>
  <FlexContainer
    className="timer"
  >
    <div
      className="jsx-1664832883 timer"
    >
      <div>
        1
      </div>
      <div>
        2
      </div>
      <div>
        3
      </div>
      <JSXStyle
        css="div.jsx-1664832883{display:-webkit-box;display:-webkit-flex;display:-ms-flexbox;display:flex;-webkit-flex-direction:column;-ms-flex-direction:column;flex-direction:column;}.layout.jsx-1664832883{margin:auto;max-width:800px;min-height:100vh;}.main.jsx-1664832883{background-color:#734D84;height:65vh;padding:0.5em;}.wizard.jsx-1664832883{-webkit-flex:auto;-ms-flex:auto;flex:auto;}.completed.jsx-1664832883,.frame.jsx-1664832883,.timer.jsx-1664832883{-webkit-align-items:center;-webkit-box-align:center;-ms-flex-align:center;align-items:center;background-color:#3A2A41;box-shadow:4px 4px 4px #A974C2;-webkit-flex:auto;-ms-flex:auto;flex:auto;-webkit-box-pack:center;-webkit-justify-content:center;-ms-flex-pack:center;justify-content:center;padding:0 0.5em;text-align:center;}@media (orientation:landscape){.main.jsx-1664832883{height:80vh;padding:1em;}}@media (min-width:768px){.main.jsx-1664832883{padding:2em 3em;}}"
        styleId="1664832883"
      />
    </div>
  </FlexContainer>
</Test>
`;

exports[`Component: <FlexContainer /> Snapshots should mount without exploding using ".wizard" styles 1`] = `
<Test
  className="wizard"
>
  <FlexContainer
    className="wizard"
  >
    <div
      className="jsx-1664832883 wizard"
    >
      <div>
        1
      </div>
      <div>
        2
      </div>
      <div>
        3
      </div>
      <JSXStyle
        css="div.jsx-1664832883{display:-webkit-box;display:-webkit-flex;display:-ms-flexbox;display:flex;-webkit-flex-direction:column;-ms-flex-direction:column;flex-direction:column;}.layout.jsx-1664832883{margin:auto;max-width:800px;min-height:100vh;}.main.jsx-1664832883{background-color:#734D84;height:65vh;padding:0.5em;}.wizard.jsx-1664832883{-webkit-flex:auto;-ms-flex:auto;flex:auto;}.completed.jsx-1664832883,.frame.jsx-1664832883,.timer.jsx-1664832883{-webkit-align-items:center;-webkit-box-align:center;-ms-flex-align:center;align-items:center;background-color:#3A2A41;box-shadow:4px 4px 4px #A974C2;-webkit-flex:auto;-ms-flex:auto;flex:auto;-webkit-box-pack:center;-webkit-justify-content:center;-ms-flex-pack:center;justify-content:center;padding:0 0.5em;text-align:center;}@media (orientation:landscape){.main.jsx-1664832883{height:80vh;padding:1em;}}@media (min-width:768px){.main.jsx-1664832883{padding:2em 3em;}}"
        styleId="1664832883"
      />
    </div>
  </FlexContainer>
</Test>
`;

exports[`Component: <FlexContainer /> Snapshots should mount without exploding using div styles 1`] = `
<Test>
  <FlexContainer>
    <div
      className="jsx-1664832883 "
    >
      <div>
        1
      </div>
      <div>
        2
      </div>
      <div>
        3
      </div>
      <JSXStyle
        css="div.jsx-1664832883{display:-webkit-box;display:-webkit-flex;display:-ms-flexbox;display:flex;-webkit-flex-direction:column;-ms-flex-direction:column;flex-direction:column;}.layout.jsx-1664832883{margin:auto;max-width:800px;min-height:100vh;}.main.jsx-1664832883{background-color:#734D84;height:65vh;padding:0.5em;}.wizard.jsx-1664832883{-webkit-flex:auto;-ms-flex:auto;flex:auto;}.completed.jsx-1664832883,.frame.jsx-1664832883,.timer.jsx-1664832883{-webkit-align-items:center;-webkit-box-align:center;-ms-flex-align:center;align-items:center;background-color:#3A2A41;box-shadow:4px 4px 4px #A974C2;-webkit-flex:auto;-ms-flex:auto;flex:auto;-webkit-box-pack:center;-webkit-justify-content:center;-ms-flex-pack:center;justify-content:center;padding:0 0.5em;text-align:center;}@media (orientation:landscape){.main.jsx-1664832883{height:80vh;padding:1em;}}@media (min-width:768px){.main.jsx-1664832883{padding:2em 3em;}}"
        styleId="1664832883"
      />
    </div>
  </FlexContainer>
</Test>
`;
