// Jest Snapshot v1, https://goo.gl/fbAQLP

exports[`Component: <Frame /> Snapshots should mount without exploding as Frame 1 1`] = `
<Frame
  fn={[Function]}
  name="activity"
  next={[Function]}
  text="What activity are you working on?"
  value=""
>
  <FlexContainer
    className="frame"
  >
    <div
      className="jsx-1165816044 frame"
    >
      <SubTitle
        text="What activity are you working on?"
      >
        <h2>
          What activity are you working on?
        </h2>
      </SubTitle>
      <Input
        fn={[Function]}
        name="activity"
        value=""
      >
        <Fragment>
          <input
            className="jsx-1856926543"
            name="activity"
            onChange={[Function]}
            type="text"
            value=""
          />
          <JSXStyle
            css="input.jsx-1856926543{background-color:transparent;border:none;border-bottom:2px solid #A974C2;color:#B0BF6C;font-family:\\"Kalam\\", cursive;font-size:1.25em;margin-top:2em;outline:none;text-align:center;width:80%;}"
            styleId="1856926543"
          />
        </Fragment>
      </Input>
      <Button
        className="next"
        fn={[Function]}
        text="Next"
      >
        <button
          className="jsx-3230544367 next"
          onClick={[Function]}
        >
          Next
          <JSXStyle
            css="button.jsx-3230544367{background-color:#734D84;border:none;border-radius:15px;box-shadow:4px 4px 4px #A974C2;color:#B0BF6C;font-family:\\"Kalam\\", cursive;font-size:1.5em;-webkit-letter-spacing:0.25em;-moz-letter-spacing:0.25em;-ms-letter-spacing:0.25em;letter-spacing:0.25em;margin:2em 0.25em 0 0.25em;outline:none;padding:0.25em;width:80%;}.reset.jsx-3230544367{padding:0.5em;width:25%;}"
            styleId="3230544367"
          />
        </button>
      </Button>
      <JSXStyle
        css="div.jsx-1165816044{display:-webkit-box;display:-webkit-flex;display:-ms-flexbox;display:flex;-webkit-flex-direction:column;-ms-flex-direction:column;flex-direction:column;}.buttons.jsx-1165816044{-webkit-flex-direction:row;-ms-flex-direction:row;flex-direction:row;width:80%;}.completed.jsx-1165816044,.frame.jsx-1165816044,.timer.jsx-1165816044{-webkit-align-items:center;-webkit-box-align:center;-ms-flex-align:center;align-items:center;background-color:#3A2A41;border-radius:25%;box-shadow:4px 4px 4px #A974C2;-webkit-flex:auto;-ms-flex:auto;flex:auto;-webkit-box-pack:center;-webkit-justify-content:center;-ms-flex-pack:center;justify-content:center;padding:2em;}.layout.jsx-1165816044{margin:auto;max-width:50em;min-height:100vh;}.main.jsx-1165816044{background-color:#734D84;height:65vh;padding:2em 3em;}.wizard.jsx-1165816044{-webkit-flex:auto;-ms-flex:auto;flex:auto;}"
        styleId="1165816044"
      />
    </div>
  </FlexContainer>
</Frame>
`;

exports[`Component: <Frame /> Snapshots should mount without exploding as Frame 2 1`] = `
<Frame
  fn={[Function]}
  name="timer"
  next={[Function]}
  prev={[Function]}
  text="How long should the timer be?"
  value=""
>
  <FlexContainer
    className="frame"
  >
    <div
      className="jsx-1165816044 frame"
    >
      <SubTitle
        text="How long should the timer be?"
      >
        <h2>
          How long should the timer be?
        </h2>
      </SubTitle>
      <Input
        fn={[Function]}
        name="timer"
        value=""
      >
        <Fragment>
          <input
            className="jsx-1856926543"
            name="timer"
            onChange={[Function]}
            type="text"
            value=""
          />
          <JSXStyle
            css="input.jsx-1856926543{background-color:transparent;border:none;border-bottom:2px solid #A974C2;color:#B0BF6C;font-family:\\"Kalam\\", cursive;font-size:1.25em;margin-top:2em;outline:none;text-align:center;width:80%;}"
            styleId="1856926543"
          />
        </Fragment>
      </Input>
      <FlexContainer
        className="buttons"
      >
        <div
          className="jsx-1165816044 buttons"
        >
          <Button
            className="prev"
            fn={[Function]}
            text="Prev"
          >
            <button
              className="jsx-3230544367 prev"
              onClick={[Function]}
            >
              Prev
              <JSXStyle
                css="button.jsx-3230544367{background-color:#734D84;border:none;border-radius:15px;box-shadow:4px 4px 4px #A974C2;color:#B0BF6C;font-family:\\"Kalam\\", cursive;font-size:1.5em;-webkit-letter-spacing:0.25em;-moz-letter-spacing:0.25em;-ms-letter-spacing:0.25em;letter-spacing:0.25em;margin:2em 0.25em 0 0.25em;outline:none;padding:0.25em;width:80%;}.reset.jsx-3230544367{padding:0.5em;width:25%;}"
                styleId="3230544367"
              />
            </button>
          </Button>
          <Button
            className="next"
            fn={[Function]}
            text="Next"
          >
            <button
              className="jsx-3230544367 next"
              onClick={[Function]}
            >
              Next
              <JSXStyle
                css="button.jsx-3230544367{background-color:#734D84;border:none;border-radius:15px;box-shadow:4px 4px 4px #A974C2;color:#B0BF6C;font-family:\\"Kalam\\", cursive;font-size:1.5em;-webkit-letter-spacing:0.25em;-moz-letter-spacing:0.25em;-ms-letter-spacing:0.25em;letter-spacing:0.25em;margin:2em 0.25em 0 0.25em;outline:none;padding:0.25em;width:80%;}.reset.jsx-3230544367{padding:0.5em;width:25%;}"
                styleId="3230544367"
              />
            </button>
          </Button>
          <JSXStyle
            css="div.jsx-1165816044{display:-webkit-box;display:-webkit-flex;display:-ms-flexbox;display:flex;-webkit-flex-direction:column;-ms-flex-direction:column;flex-direction:column;}.buttons.jsx-1165816044{-webkit-flex-direction:row;-ms-flex-direction:row;flex-direction:row;width:80%;}.completed.jsx-1165816044,.frame.jsx-1165816044,.timer.jsx-1165816044{-webkit-align-items:center;-webkit-box-align:center;-ms-flex-align:center;align-items:center;background-color:#3A2A41;border-radius:25%;box-shadow:4px 4px 4px #A974C2;-webkit-flex:auto;-ms-flex:auto;flex:auto;-webkit-box-pack:center;-webkit-justify-content:center;-ms-flex-pack:center;justify-content:center;padding:2em;}.layout.jsx-1165816044{margin:auto;max-width:50em;min-height:100vh;}.main.jsx-1165816044{background-color:#734D84;height:65vh;padding:2em 3em;}.wizard.jsx-1165816044{-webkit-flex:auto;-ms-flex:auto;flex:auto;}"
            styleId="1165816044"
          />
        </div>
      </FlexContainer>
      <JSXStyle
        css="div.jsx-1165816044{display:-webkit-box;display:-webkit-flex;display:-ms-flexbox;display:flex;-webkit-flex-direction:column;-ms-flex-direction:column;flex-direction:column;}.buttons.jsx-1165816044{-webkit-flex-direction:row;-ms-flex-direction:row;flex-direction:row;width:80%;}.completed.jsx-1165816044,.frame.jsx-1165816044,.timer.jsx-1165816044{-webkit-align-items:center;-webkit-box-align:center;-ms-flex-align:center;align-items:center;background-color:#3A2A41;border-radius:25%;box-shadow:4px 4px 4px #A974C2;-webkit-flex:auto;-ms-flex:auto;flex:auto;-webkit-box-pack:center;-webkit-justify-content:center;-ms-flex-pack:center;justify-content:center;padding:2em;}.layout.jsx-1165816044{margin:auto;max-width:50em;min-height:100vh;}.main.jsx-1165816044{background-color:#734D84;height:65vh;padding:2em 3em;}.wizard.jsx-1165816044{-webkit-flex:auto;-ms-flex:auto;flex:auto;}"
        styleId="1165816044"
      />
    </div>
  </FlexContainer>
</Frame>
`;

exports[`Component: <Frame /> Snapshots should mount without exploding as Frame 3 1`] = `
<Frame
  fn={[Function]}
  name="cooldown"
  next={[Function]}
  prev={[Function]}
  text="How long should the cooldown be?"
  value=""
>
  <FlexContainer
    className="frame"
  >
    <div
      className="jsx-1165816044 frame"
    >
      <SubTitle
        text="How long should the cooldown be?"
      >
        <h2>
          How long should the cooldown be?
        </h2>
      </SubTitle>
      <Input
        fn={[Function]}
        name="cooldown"
        value=""
      >
        <Fragment>
          <input
            className="jsx-1856926543"
            name="cooldown"
            onChange={[Function]}
            type="text"
            value=""
          />
          <JSXStyle
            css="input.jsx-1856926543{background-color:transparent;border:none;border-bottom:2px solid #A974C2;color:#B0BF6C;font-family:\\"Kalam\\", cursive;font-size:1.25em;margin-top:2em;outline:none;text-align:center;width:80%;}"
            styleId="1856926543"
          />
        </Fragment>
      </Input>
      <FlexContainer
        className="buttons"
      >
        <div
          className="jsx-1165816044 buttons"
        >
          <Button
            className="prev"
            fn={[Function]}
            text="Prev"
          >
            <button
              className="jsx-3230544367 prev"
              onClick={[Function]}
            >
              Prev
              <JSXStyle
                css="button.jsx-3230544367{background-color:#734D84;border:none;border-radius:15px;box-shadow:4px 4px 4px #A974C2;color:#B0BF6C;font-family:\\"Kalam\\", cursive;font-size:1.5em;-webkit-letter-spacing:0.25em;-moz-letter-spacing:0.25em;-ms-letter-spacing:0.25em;letter-spacing:0.25em;margin:2em 0.25em 0 0.25em;outline:none;padding:0.25em;width:80%;}.reset.jsx-3230544367{padding:0.5em;width:25%;}"
                styleId="3230544367"
              />
            </button>
          </Button>
          <Button
            className="next"
            fn={[Function]}
            text="Next"
          >
            <button
              className="jsx-3230544367 next"
              onClick={[Function]}
            >
              Next
              <JSXStyle
                css="button.jsx-3230544367{background-color:#734D84;border:none;border-radius:15px;box-shadow:4px 4px 4px #A974C2;color:#B0BF6C;font-family:\\"Kalam\\", cursive;font-size:1.5em;-webkit-letter-spacing:0.25em;-moz-letter-spacing:0.25em;-ms-letter-spacing:0.25em;letter-spacing:0.25em;margin:2em 0.25em 0 0.25em;outline:none;padding:0.25em;width:80%;}.reset.jsx-3230544367{padding:0.5em;width:25%;}"
                styleId="3230544367"
              />
            </button>
          </Button>
          <JSXStyle
            css="div.jsx-1165816044{display:-webkit-box;display:-webkit-flex;display:-ms-flexbox;display:flex;-webkit-flex-direction:column;-ms-flex-direction:column;flex-direction:column;}.buttons.jsx-1165816044{-webkit-flex-direction:row;-ms-flex-direction:row;flex-direction:row;width:80%;}.completed.jsx-1165816044,.frame.jsx-1165816044,.timer.jsx-1165816044{-webkit-align-items:center;-webkit-box-align:center;-ms-flex-align:center;align-items:center;background-color:#3A2A41;border-radius:25%;box-shadow:4px 4px 4px #A974C2;-webkit-flex:auto;-ms-flex:auto;flex:auto;-webkit-box-pack:center;-webkit-justify-content:center;-ms-flex-pack:center;justify-content:center;padding:2em;}.layout.jsx-1165816044{margin:auto;max-width:50em;min-height:100vh;}.main.jsx-1165816044{background-color:#734D84;height:65vh;padding:2em 3em;}.wizard.jsx-1165816044{-webkit-flex:auto;-ms-flex:auto;flex:auto;}"
            styleId="1165816044"
          />
        </div>
      </FlexContainer>
      <JSXStyle
        css="div.jsx-1165816044{display:-webkit-box;display:-webkit-flex;display:-ms-flexbox;display:flex;-webkit-flex-direction:column;-ms-flex-direction:column;flex-direction:column;}.buttons.jsx-1165816044{-webkit-flex-direction:row;-ms-flex-direction:row;flex-direction:row;width:80%;}.completed.jsx-1165816044,.frame.jsx-1165816044,.timer.jsx-1165816044{-webkit-align-items:center;-webkit-box-align:center;-ms-flex-align:center;align-items:center;background-color:#3A2A41;border-radius:25%;box-shadow:4px 4px 4px #A974C2;-webkit-flex:auto;-ms-flex:auto;flex:auto;-webkit-box-pack:center;-webkit-justify-content:center;-ms-flex-pack:center;justify-content:center;padding:2em;}.layout.jsx-1165816044{margin:auto;max-width:50em;min-height:100vh;}.main.jsx-1165816044{background-color:#734D84;height:65vh;padding:2em 3em;}.wizard.jsx-1165816044{-webkit-flex:auto;-ms-flex:auto;flex:auto;}"
        styleId="1165816044"
      />
    </div>
  </FlexContainer>
</Frame>
`;
