// Jest Snapshot v1, https://goo.gl/fbAQLP

exports[`Component: <Header /> should mount without exploding 1`] = `
<Test>
  <Header>
    <header
      className="jsx-2290366526"
    >
      <div>
        1
      </div>
      <div>
        2
      </div>
      <div>
        3
      </div>
      <JSXStyle
        css="header.jsx-2290366526{-webkit-align-items:center;-webkit-box-align:center;-ms-flex-align:center;align-items:center;background-color:lightcoral;display:-webkit-box;display:-webkit-flex;display:-ms-flexbox;display:flex;-webkit-flex-direction:column;-ms-flex-direction:column;flex-direction:column;height:20vh;-webkit-box-pack:center;-webkit-justify-content:center;-ms-flex-pack:center;justify-content:center;padding:1em;text-align:center;}"
        styleId="2290366526"
      />
    </header>
  </Header>
</Test>
`;
