// Jest Snapshot v1, https://goo.gl/fbAQLP

exports[`Component: <Input /> should mount without exploding 1`] = `
<Test>
  <Input
    fn={[Function]}
    name="activity"
    value=""
  >
    <Fragment>
      <input
        className="jsx-1856926543"
        name="activity"
        onChange={[Function]}
        type="text"
        value=""
      />
      <JSXStyle
        css="input.jsx-1856926543{background-color:transparent;border:none;border-bottom:2px solid #A974C2;color:#B0BF6C;font-family:\\"Kalam\\", cursive;font-size:1.25em;margin-top:2em;outline:none;text-align:center;width:80%;}"
        styleId="1856926543"
      />
    </Fragment>
  </Input>
</Test>
`;
