// Jest Snapshot v1, https://goo.gl/fbAQLP

exports[`Component: <Input /> should mount without exploding 1`] = `
<Test>
  <Input
    fn={[Function]}
    name="activity"
    value=""
  >
    <div>
      <input
        name="activity"
        onChange={[Function]}
        type="text"
        value=""
      />
    </div>
  </Input>
</Test>
`;
