// Jest Snapshot v1, https://goo.gl/fbAQLP

exports[`Component: <Layout /> should render without exploding 1`] = `
<div
  class="jsx-1111547334"
>
  <div
    class="jsx-4254416515"
  />
  <header
    class="jsx-2290366526"
  />
  <main
    class="jsx-3083400802"
  >
    <div>
      1
    </div>
    <div>
      2
    </div>
    <div>
      3
    </div>
  </main>
  <footer
    class="jsx-1106431596"
  />
</div>
`;
