// Jest Snapshot v1, https://goo.gl/fbAQLP

exports[`Component: <Main /> should mount without exploding 1`] = `
<Test>
  <Main>
    <main
      className="jsx-3083400802"
    >
      <div>
        1
      </div>
      <div>
        2
      </div>
      <div>
        3
      </div>
      <JSXStyle
        css="main.jsx-3083400802{background-color:lightblue;display:-webkit-box;display:-webkit-flex;display:-ms-flexbox;display:flex;-webkit-flex-direction:column;-ms-flex-direction:column;flex-direction:column;height:65vh;padding:2em 3em;}"
        styleId="3083400802"
      />
    </main>
  </Main>
</Test>
`;
