// Jest Snapshot v1, https://goo.gl/fbAQLP

exports[`Container: <Wizard /> Snapshots should render without exploding on Frame 1 1`] = `
<Wizard>
  <FlexContainer
    className="wizard"
  >
    <div
      className="jsx-797669933 wizard"
    >
      <Frame
        fn={[Function]}
        name="activity"
        next={[Function]}
        text="What activity are you working on?"
        value=""
      >
        <FlexContainer
          className="frame"
        >
          <div
            className="jsx-797669933 frame"
          >
            <SubTitle
              text="What activity are you working on?"
            >
              <h2>
                What activity are you working on?
              </h2>
            </SubTitle>
            <Input
              fn={[Function]}
              name="activity"
              value=""
            >
              <Fragment>
                <input
                  className="jsx-1856926543"
                  name="activity"
                  onChange={[Function]}
                  type="text"
                  value=""
                />
                <JSXStyle
                  css="input.jsx-1856926543{background-color:transparent;border:none;border-bottom:2px solid #A974C2;color:#B0BF6C;font-family:\\"Kalam\\", cursive;font-size:1.25em;margin-top:2em;outline:none;text-align:center;width:80%;}"
                  styleId="1856926543"
                />
              </Fragment>
            </Input>
            <Button
              className="next"
              fn={[Function]}
              text="Next"
            >
              <button
                className="jsx-3864743809 next"
                onClick={[Function]}
              >
                Next
                <JSXStyle
                  css="button.jsx-3864743809{background-color:#734D84;border:none;border-radius:15px;box-shadow:4px 4px 4px #A974C2;color:#B0BF6C;font-family:\\"Kalam\\", cursive;font-size:1.5em;-webkit-letter-spacing:0.25em;-moz-letter-spacing:0.25em;-ms-letter-spacing:0.25em;letter-spacing:0.25em;margin:2em 0.25em 0 0.25em;outline:none;padding:0.25em;width:80%;}"
                  styleId="3864743809"
                />
              </button>
            </Button>
            <JSXStyle
              css="div.jsx-797669933{display:-webkit-box;display:-webkit-flex;display:-ms-flexbox;display:flex;-webkit-flex-direction:column;-ms-flex-direction:column;flex-direction:column;}.buttons.jsx-797669933{-webkit-flex-direction:row;-ms-flex-direction:row;flex-direction:row;width:80%;}.frame.jsx-797669933,.timer.jsx-797669933{-webkit-align-items:center;-webkit-box-align:center;-ms-flex-align:center;align-items:center;background-color:#3A2A41;border-radius:25%;box-shadow:4px 4px 4px #A974C2;-webkit-flex:auto;-ms-flex:auto;flex:auto;-webkit-box-pack:center;-webkit-justify-content:center;-ms-flex-pack:center;justify-content:center;padding:2em;}.layout.jsx-797669933{margin:auto;max-width:50em;min-height:100vh;}.main.jsx-797669933{background-color:#734D84;height:65vh;padding:2em 3em;}.wizard.jsx-797669933{-webkit-flex:auto;-ms-flex:auto;flex:auto;}"
              styleId="797669933"
            />
          </div>
        </FlexContainer>
      </Frame>
      <JSXStyle
        css="div.jsx-797669933{display:-webkit-box;display:-webkit-flex;display:-ms-flexbox;display:flex;-webkit-flex-direction:column;-ms-flex-direction:column;flex-direction:column;}.buttons.jsx-797669933{-webkit-flex-direction:row;-ms-flex-direction:row;flex-direction:row;width:80%;}.frame.jsx-797669933,.timer.jsx-797669933{-webkit-align-items:center;-webkit-box-align:center;-ms-flex-align:center;align-items:center;background-color:#3A2A41;border-radius:25%;box-shadow:4px 4px 4px #A974C2;-webkit-flex:auto;-ms-flex:auto;flex:auto;-webkit-box-pack:center;-webkit-justify-content:center;-ms-flex-pack:center;justify-content:center;padding:2em;}.layout.jsx-797669933{margin:auto;max-width:50em;min-height:100vh;}.main.jsx-797669933{background-color:#734D84;height:65vh;padding:2em 3em;}.wizard.jsx-797669933{-webkit-flex:auto;-ms-flex:auto;flex:auto;}"
        styleId="797669933"
      />
    </div>
  </FlexContainer>
</Wizard>
`;

exports[`Container: <Wizard /> Snapshots should render without exploding on Frame 2 1`] = `
<Wizard>
  <FlexContainer
    className="wizard"
  >
    <div
      className="jsx-797669933 wizard"
    >
      <Frame
        fn={[Function]}
        name="timer"
        next={[Function]}
        prev={[Function]}
        text="How long should the timer be?"
        value=""
      >
        <FlexContainer
          className="frame"
        >
          <div
            className="jsx-797669933 frame"
          >
            <SubTitle
              text="How long should the timer be?"
            >
              <h2>
                How long should the timer be?
              </h2>
            </SubTitle>
            <Input
              fn={[Function]}
              name="timer"
              value=""
            >
              <Fragment>
                <input
                  className="jsx-1856926543"
                  name="timer"
                  onChange={[Function]}
                  type="text"
                  value=""
                />
                <JSXStyle
                  css="input.jsx-1856926543{background-color:transparent;border:none;border-bottom:2px solid #A974C2;color:#B0BF6C;font-family:\\"Kalam\\", cursive;font-size:1.25em;margin-top:2em;outline:none;text-align:center;width:80%;}"
                  styleId="1856926543"
                />
              </Fragment>
            </Input>
            <FlexContainer
              className="buttons"
            >
              <div
                className="jsx-797669933 buttons"
              >
                <Button
                  className="prev"
                  fn={[Function]}
                  text="Prev"
                >
                  <button
                    className="jsx-3864743809 prev"
                    onClick={[Function]}
                  >
                    Prev
                    <JSXStyle
                      css="button.jsx-3864743809{background-color:#734D84;border:none;border-radius:15px;box-shadow:4px 4px 4px #A974C2;color:#B0BF6C;font-family:\\"Kalam\\", cursive;font-size:1.5em;-webkit-letter-spacing:0.25em;-moz-letter-spacing:0.25em;-ms-letter-spacing:0.25em;letter-spacing:0.25em;margin:2em 0.25em 0 0.25em;outline:none;padding:0.25em;width:80%;}"
                      styleId="3864743809"
                    />
                  </button>
                </Button>
                <Button
                  className="next"
                  fn={[Function]}
                  text="Next"
                >
                  <button
                    className="jsx-3864743809 next"
                    onClick={[Function]}
                  >
                    Next
                    <JSXStyle
                      css="button.jsx-3864743809{background-color:#734D84;border:none;border-radius:15px;box-shadow:4px 4px 4px #A974C2;color:#B0BF6C;font-family:\\"Kalam\\", cursive;font-size:1.5em;-webkit-letter-spacing:0.25em;-moz-letter-spacing:0.25em;-ms-letter-spacing:0.25em;letter-spacing:0.25em;margin:2em 0.25em 0 0.25em;outline:none;padding:0.25em;width:80%;}"
                      styleId="3864743809"
                    />
                  </button>
                </Button>
                <JSXStyle
                  css="div.jsx-797669933{display:-webkit-box;display:-webkit-flex;display:-ms-flexbox;display:flex;-webkit-flex-direction:column;-ms-flex-direction:column;flex-direction:column;}.buttons.jsx-797669933{-webkit-flex-direction:row;-ms-flex-direction:row;flex-direction:row;width:80%;}.frame.jsx-797669933,.timer.jsx-797669933{-webkit-align-items:center;-webkit-box-align:center;-ms-flex-align:center;align-items:center;background-color:#3A2A41;border-radius:25%;box-shadow:4px 4px 4px #A974C2;-webkit-flex:auto;-ms-flex:auto;flex:auto;-webkit-box-pack:center;-webkit-justify-content:center;-ms-flex-pack:center;justify-content:center;padding:2em;}.layout.jsx-797669933{margin:auto;max-width:50em;min-height:100vh;}.main.jsx-797669933{background-color:#734D84;height:65vh;padding:2em 3em;}.wizard.jsx-797669933{-webkit-flex:auto;-ms-flex:auto;flex:auto;}"
                  styleId="797669933"
                />
              </div>
            </FlexContainer>
            <JSXStyle
              css="div.jsx-797669933{display:-webkit-box;display:-webkit-flex;display:-ms-flexbox;display:flex;-webkit-flex-direction:column;-ms-flex-direction:column;flex-direction:column;}.buttons.jsx-797669933{-webkit-flex-direction:row;-ms-flex-direction:row;flex-direction:row;width:80%;}.frame.jsx-797669933,.timer.jsx-797669933{-webkit-align-items:center;-webkit-box-align:center;-ms-flex-align:center;align-items:center;background-color:#3A2A41;border-radius:25%;box-shadow:4px 4px 4px #A974C2;-webkit-flex:auto;-ms-flex:auto;flex:auto;-webkit-box-pack:center;-webkit-justify-content:center;-ms-flex-pack:center;justify-content:center;padding:2em;}.layout.jsx-797669933{margin:auto;max-width:50em;min-height:100vh;}.main.jsx-797669933{background-color:#734D84;height:65vh;padding:2em 3em;}.wizard.jsx-797669933{-webkit-flex:auto;-ms-flex:auto;flex:auto;}"
              styleId="797669933"
            />
          </div>
        </FlexContainer>
      </Frame>
      <JSXStyle
        css="div.jsx-797669933{display:-webkit-box;display:-webkit-flex;display:-ms-flexbox;display:flex;-webkit-flex-direction:column;-ms-flex-direction:column;flex-direction:column;}.buttons.jsx-797669933{-webkit-flex-direction:row;-ms-flex-direction:row;flex-direction:row;width:80%;}.frame.jsx-797669933,.timer.jsx-797669933{-webkit-align-items:center;-webkit-box-align:center;-ms-flex-align:center;align-items:center;background-color:#3A2A41;border-radius:25%;box-shadow:4px 4px 4px #A974C2;-webkit-flex:auto;-ms-flex:auto;flex:auto;-webkit-box-pack:center;-webkit-justify-content:center;-ms-flex-pack:center;justify-content:center;padding:2em;}.layout.jsx-797669933{margin:auto;max-width:50em;min-height:100vh;}.main.jsx-797669933{background-color:#734D84;height:65vh;padding:2em 3em;}.wizard.jsx-797669933{-webkit-flex:auto;-ms-flex:auto;flex:auto;}"
        styleId="797669933"
      />
    </div>
  </FlexContainer>
</Wizard>
`;

exports[`Container: <Wizard /> Snapshots should render without exploding on Frame 3 1`] = `
<Wizard>
  <FlexContainer
    className="wizard"
  >
    <div
      className="jsx-797669933 wizard"
    >
      <Frame
        fn={[Function]}
        name="cooldown"
        next={[Function]}
        prev={[Function]}
        text="How long should the cooldown be?"
        value=""
      >
        <FlexContainer
          className="frame"
        >
          <div
            className="jsx-797669933 frame"
          >
            <SubTitle
              text="How long should the cooldown be?"
            >
              <h2>
                How long should the cooldown be?
              </h2>
            </SubTitle>
            <Input
              fn={[Function]}
              name="cooldown"
              value=""
            >
              <Fragment>
                <input
                  className="jsx-1856926543"
                  name="cooldown"
                  onChange={[Function]}
                  type="text"
                  value=""
                />
                <JSXStyle
                  css="input.jsx-1856926543{background-color:transparent;border:none;border-bottom:2px solid #A974C2;color:#B0BF6C;font-family:\\"Kalam\\", cursive;font-size:1.25em;margin-top:2em;outline:none;text-align:center;width:80%;}"
                  styleId="1856926543"
                />
              </Fragment>
            </Input>
            <FlexContainer
              className="buttons"
            >
              <div
                className="jsx-797669933 buttons"
              >
                <Button
                  className="prev"
                  fn={[Function]}
                  text="Prev"
                >
                  <button
                    className="jsx-3864743809 prev"
                    onClick={[Function]}
                  >
                    Prev
                    <JSXStyle
                      css="button.jsx-3864743809{background-color:#734D84;border:none;border-radius:15px;box-shadow:4px 4px 4px #A974C2;color:#B0BF6C;font-family:\\"Kalam\\", cursive;font-size:1.5em;-webkit-letter-spacing:0.25em;-moz-letter-spacing:0.25em;-ms-letter-spacing:0.25em;letter-spacing:0.25em;margin:2em 0.25em 0 0.25em;outline:none;padding:0.25em;width:80%;}"
                      styleId="3864743809"
                    />
                  </button>
                </Button>
                <Button
                  className="next"
                  fn={[Function]}
                  text="Next"
                >
                  <button
                    className="jsx-3864743809 next"
                    onClick={[Function]}
                  >
                    Next
                    <JSXStyle
                      css="button.jsx-3864743809{background-color:#734D84;border:none;border-radius:15px;box-shadow:4px 4px 4px #A974C2;color:#B0BF6C;font-family:\\"Kalam\\", cursive;font-size:1.5em;-webkit-letter-spacing:0.25em;-moz-letter-spacing:0.25em;-ms-letter-spacing:0.25em;letter-spacing:0.25em;margin:2em 0.25em 0 0.25em;outline:none;padding:0.25em;width:80%;}"
                      styleId="3864743809"
                    />
                  </button>
                </Button>
                <JSXStyle
                  css="div.jsx-797669933{display:-webkit-box;display:-webkit-flex;display:-ms-flexbox;display:flex;-webkit-flex-direction:column;-ms-flex-direction:column;flex-direction:column;}.buttons.jsx-797669933{-webkit-flex-direction:row;-ms-flex-direction:row;flex-direction:row;width:80%;}.frame.jsx-797669933,.timer.jsx-797669933{-webkit-align-items:center;-webkit-box-align:center;-ms-flex-align:center;align-items:center;background-color:#3A2A41;border-radius:25%;box-shadow:4px 4px 4px #A974C2;-webkit-flex:auto;-ms-flex:auto;flex:auto;-webkit-box-pack:center;-webkit-justify-content:center;-ms-flex-pack:center;justify-content:center;padding:2em;}.layout.jsx-797669933{margin:auto;max-width:50em;min-height:100vh;}.main.jsx-797669933{background-color:#734D84;height:65vh;padding:2em 3em;}.wizard.jsx-797669933{-webkit-flex:auto;-ms-flex:auto;flex:auto;}"
                  styleId="797669933"
                />
              </div>
            </FlexContainer>
            <JSXStyle
              css="div.jsx-797669933{display:-webkit-box;display:-webkit-flex;display:-ms-flexbox;display:flex;-webkit-flex-direction:column;-ms-flex-direction:column;flex-direction:column;}.buttons.jsx-797669933{-webkit-flex-direction:row;-ms-flex-direction:row;flex-direction:row;width:80%;}.frame.jsx-797669933,.timer.jsx-797669933{-webkit-align-items:center;-webkit-box-align:center;-ms-flex-align:center;align-items:center;background-color:#3A2A41;border-radius:25%;box-shadow:4px 4px 4px #A974C2;-webkit-flex:auto;-ms-flex:auto;flex:auto;-webkit-box-pack:center;-webkit-justify-content:center;-ms-flex-pack:center;justify-content:center;padding:2em;}.layout.jsx-797669933{margin:auto;max-width:50em;min-height:100vh;}.main.jsx-797669933{background-color:#734D84;height:65vh;padding:2em 3em;}.wizard.jsx-797669933{-webkit-flex:auto;-ms-flex:auto;flex:auto;}"
              styleId="797669933"
            />
          </div>
        </FlexContainer>
      </Frame>
      <JSXStyle
        css="div.jsx-797669933{display:-webkit-box;display:-webkit-flex;display:-ms-flexbox;display:flex;-webkit-flex-direction:column;-ms-flex-direction:column;flex-direction:column;}.buttons.jsx-797669933{-webkit-flex-direction:row;-ms-flex-direction:row;flex-direction:row;width:80%;}.frame.jsx-797669933,.timer.jsx-797669933{-webkit-align-items:center;-webkit-box-align:center;-ms-flex-align:center;align-items:center;background-color:#3A2A41;border-radius:25%;box-shadow:4px 4px 4px #A974C2;-webkit-flex:auto;-ms-flex:auto;flex:auto;-webkit-box-pack:center;-webkit-justify-content:center;-ms-flex-pack:center;justify-content:center;padding:2em;}.layout.jsx-797669933{margin:auto;max-width:50em;min-height:100vh;}.main.jsx-797669933{background-color:#734D84;height:65vh;padding:2em 3em;}.wizard.jsx-797669933{-webkit-flex:auto;-ms-flex:auto;flex:auto;}"
        styleId="797669933"
      />
    </div>
  </FlexContainer>
</Wizard>
`;

exports[`Container: <Wizard /> Snapshots should render without exploding on Timer 1`] = `
<Wizard>
  <FlexContainer
    className="wizard"
  >
    <div
      className="jsx-797669933 wizard"
    >
      <Timer
        activity="coding"
        cooldown="3"
        timer="12"
      >
        <FlexContainer
          className="timer"
        >
          <div
            className="jsx-797669933 timer"
          >
            <Display
              activity="coding"
              baseCool="0:03:00"
              baseTime="0:12:00"
              condition={null}
              currCool="0:03:00"
              currTime="0:12:00"
            >
              <FlexContainer>
                <div
                  className="jsx-797669933 "
                >
                  <SubTitle
                    text="Your activity is: coding"
                  >
                    <h2>
                      Your activity is: coding
                    </h2>
                  </SubTitle>
                  <TimerDisplay
                    base="0:12:00"
                    current="0:12:00"
                  >
                    <Fragment>
                      <SubTitle
                        text="Your selected time: 0:12:00"
                      >
                        <h2>
                          Your selected time: 0:12:00
                        </h2>
                      </SubTitle>
                      <SubTitle
                        text="Current Time: 0:12:00"
                      >
                        <h2>
                          Current Time: 0:12:00
                        </h2>
                      </SubTitle>
                    </Fragment>
                  </TimerDisplay>
                  <JSXStyle
                    css="div.jsx-797669933{display:-webkit-box;display:-webkit-flex;display:-ms-flexbox;display:flex;-webkit-flex-direction:column;-ms-flex-direction:column;flex-direction:column;}.buttons.jsx-797669933{-webkit-flex-direction:row;-ms-flex-direction:row;flex-direction:row;width:80%;}.frame.jsx-797669933,.timer.jsx-797669933{-webkit-align-items:center;-webkit-box-align:center;-ms-flex-align:center;align-items:center;background-color:#3A2A41;border-radius:25%;box-shadow:4px 4px 4px #A974C2;-webkit-flex:auto;-ms-flex:auto;flex:auto;-webkit-box-pack:center;-webkit-justify-content:center;-ms-flex-pack:center;justify-content:center;padding:2em;}.layout.jsx-797669933{margin:auto;max-width:50em;min-height:100vh;}.main.jsx-797669933{background-color:#734D84;height:65vh;padding:2em 3em;}.wizard.jsx-797669933{-webkit-flex:auto;-ms-flex:auto;flex:auto;}"
                    styleId="797669933"
                  />
                </div>
              </FlexContainer>
            </Display>
            <TimerControls
              start={[Function]}
              stop={[Function]}
            >
              <Fragment>
                <Button
                  className="start"
                  fn={[Function]}
                  text="Start"
                >
                  <button
                    className="jsx-3864743809 start"
                    onClick={[Function]}
                  >
                    Start
                    <JSXStyle
                      css="button.jsx-3864743809{background-color:#734D84;border:none;border-radius:15px;box-shadow:4px 4px 4px #A974C2;color:#B0BF6C;font-family:\\"Kalam\\", cursive;font-size:1.5em;-webkit-letter-spacing:0.25em;-moz-letter-spacing:0.25em;-ms-letter-spacing:0.25em;letter-spacing:0.25em;margin:2em 0.25em 0 0.25em;outline:none;padding:0.25em;width:80%;}"
                      styleId="3864743809"
                    />
                  </button>
                </Button>
                <Button
                  className="stop"
                  fn={[Function]}
                  text="Stop"
                >
                  <button
                    className="jsx-3864743809 stop"
                    onClick={[Function]}
                  >
                    Stop
                    <JSXStyle
                      css="button.jsx-3864743809{background-color:#734D84;border:none;border-radius:15px;box-shadow:4px 4px 4px #A974C2;color:#B0BF6C;font-family:\\"Kalam\\", cursive;font-size:1.5em;-webkit-letter-spacing:0.25em;-moz-letter-spacing:0.25em;-ms-letter-spacing:0.25em;letter-spacing:0.25em;margin:2em 0.25em 0 0.25em;outline:none;padding:0.25em;width:80%;}"
                      styleId="3864743809"
                    />
                  </button>
                </Button>
              </Fragment>
            </TimerControls>
            <JSXStyle
              css="div.jsx-797669933{display:-webkit-box;display:-webkit-flex;display:-ms-flexbox;display:flex;-webkit-flex-direction:column;-ms-flex-direction:column;flex-direction:column;}.buttons.jsx-797669933{-webkit-flex-direction:row;-ms-flex-direction:row;flex-direction:row;width:80%;}.frame.jsx-797669933,.timer.jsx-797669933{-webkit-align-items:center;-webkit-box-align:center;-ms-flex-align:center;align-items:center;background-color:#3A2A41;border-radius:25%;box-shadow:4px 4px 4px #A974C2;-webkit-flex:auto;-ms-flex:auto;flex:auto;-webkit-box-pack:center;-webkit-justify-content:center;-ms-flex-pack:center;justify-content:center;padding:2em;}.layout.jsx-797669933{margin:auto;max-width:50em;min-height:100vh;}.main.jsx-797669933{background-color:#734D84;height:65vh;padding:2em 3em;}.wizard.jsx-797669933{-webkit-flex:auto;-ms-flex:auto;flex:auto;}"
              styleId="797669933"
            />
          </div>
        </FlexContainer>
      </Timer>
      <JSXStyle
        css="div.jsx-797669933{display:-webkit-box;display:-webkit-flex;display:-ms-flexbox;display:flex;-webkit-flex-direction:column;-ms-flex-direction:column;flex-direction:column;}.buttons.jsx-797669933{-webkit-flex-direction:row;-ms-flex-direction:row;flex-direction:row;width:80%;}.frame.jsx-797669933,.timer.jsx-797669933{-webkit-align-items:center;-webkit-box-align:center;-ms-flex-align:center;align-items:center;background-color:#3A2A41;border-radius:25%;box-shadow:4px 4px 4px #A974C2;-webkit-flex:auto;-ms-flex:auto;flex:auto;-webkit-box-pack:center;-webkit-justify-content:center;-ms-flex-pack:center;justify-content:center;padding:2em;}.layout.jsx-797669933{margin:auto;max-width:50em;min-height:100vh;}.main.jsx-797669933{background-color:#734D84;height:65vh;padding:2em 3em;}.wizard.jsx-797669933{-webkit-flex:auto;-ms-flex:auto;flex:auto;}"
        styleId="797669933"
      />
    </div>
  </FlexContainer>
</Wizard>
`;
