// Jest Snapshot v1, https://goo.gl/fbAQLP

exports[`Index Page should render without exploding 1`] = `
<div
  class="jsx-1111547334"
>
  <div
    class="jsx-4254416515"
  />
  <header
    class="jsx-2290366526"
  />
  <main
    class="jsx-3083400802"
  >
    <h1>
      Hello Blindfold'em
    </h1>
    <div>
      <div>
        <h2>
          What activity are you working on?
        </h2>
        <div>
          <input
            name="activity"
            type="text"
            value=""
          />
        </div>
      </div>
      <button
        class="next"
      >
        Next
      </button>
      <button
        class="prev"
        disabled=""
      >
        Prev
      </button>
    </div>
  </main>
  <footer
    class="jsx-1106431596"
  />
</div>
`;
